  Ray_tracer.cpp
C:\Users\tej36\OneDrive\Documents\GitHub\Ray-tracing-project\Base_ver\Ray_tracer\vector3.h(59,13): warning C4244: 'initializing': conversion from 'double' to 'float', possible loss of data
  (compiling source file 'Ray_tracer.cpp')
  
C:\Users\tej36\OneDrive\Documents\GitHub\Ray-tracing-project\Base_ver\Ray_tracer\hitablelist.h(23,29): warning C4244: 'argument': conversion from 'double' to 'float', possible loss of data
  (compiling source file 'Ray_tracer.cpp')
  
C:\Users\tej36\OneDrive\Documents\GitHub\Ray-tracing-project\Base_ver\Ray_tracer\sphere.h(16,17): warning C4244: 'initializing': conversion from 'double' to 'float', possible loss of data
  (compiling source file 'Ray_tracer.cpp')
  
C:\Users\tej36\OneDrive\Documents\GitHub\Ray-tracing-project\Base_ver\Ray_tracer\sphere.h(21,24): warning C4244: 'initializing': conversion from 'double' to 'float', possible loss of data
  (compiling source file 'Ray_tracer.cpp')
  
C:\Users\tej36\OneDrive\Documents\GitHub\Ray-tracing-project\Base_ver\Ray_tracer\sphere.h(29,46): warning C4244: '=': conversion from 'double' to 'float', possible loss of data
  (compiling source file 'Ray_tracer.cpp')
  
C:\Users\tej36\OneDrive\Documents\GitHub\Ray-tracing-project\Base_ver\Ray_tracer\camera.h(14,63): warning C4244: 'argument': conversion from 'double' to 'float', possible loss of data
  (compiling source file 'Ray_tracer.cpp')
  
C:\Users\tej36\OneDrive\Documents\GitHub\Ray-tracing-project\Base_ver\Ray_tracer\camera.h(14,36): warning C4244: 'argument': conversion from 'double' to 'float', possible loss of data
  (compiling source file 'Ray_tracer.cpp')
  
C:\Users\tej36\OneDrive\Documents\GitHub\Ray-tracing-project\Base_ver\Ray_tracer\camera.h(23,15): warning C4244: 'initializing': conversion from 'double' to 'float', possible loss of data
  (compiling source file 'Ray_tracer.cpp')
  
C:\Users\tej36\OneDrive\Documents\GitHub\Ray-tracing-project\Base_ver\Ray_tracer\material.h(17,21): warning C4244: 'initializing': conversion from 'double' to 'float', possible loss of data
  (compiling source file 'Ray_tracer.cpp')
  
C:\Users\tej36\OneDrive\Documents\GitHub\Ray-tracing-project\Base_ver\Ray_tracer\material.h(29,12): warning C4244: 'return': conversion from 'double' to 'float', possible loss of data
  (compiling source file 'Ray_tracer.cpp')
  
C:\Users\tej36\OneDrive\Documents\GitHub\Ray-tracing-project\Base_ver\Ray_tracer\material.h(36,90): warning C4244: 'argument': conversion from 'double' to 'float', possible loss of data
  (compiling source file 'Ray_tracer.cpp')
  
C:\Users\tej36\OneDrive\Documents\GitHub\Ray-tracing-project\Base_ver\Ray_tracer\material.h(36,63): warning C4244: 'argument': conversion from 'double' to 'float', possible loss of data
  (compiling source file 'Ray_tracer.cpp')
  
C:\Users\tej36\OneDrive\Documents\GitHub\Ray-tracing-project\Base_ver\Ray_tracer\material.h(36,36): warning C4244: 'argument': conversion from 'double' to 'float', possible loss of data
  (compiling source file 'Ray_tracer.cpp')
  
C:\Users\tej36\OneDrive\Documents\GitHub\Ray-tracing-project\Base_ver\Ray_tracer\material.h(95,21): warning C4244: '=': conversion from 'double' to 'float', possible loss of data
  (compiling source file 'Ray_tracer.cpp')
  
C:\Users\tej36\OneDrive\Documents\GitHub\Ray-tracing-project\Base_ver\Ray_tracer\Ray_tracer.cpp(17,23): warning C4305: 'argument': truncation from 'double' to 'float'
C:\Users\tej36\OneDrive\Documents\GitHub\Ray-tracing-project\Base_ver\Ray_tracer\Ray_tracer.cpp(28,17): warning C4244: 'initializing': conversion from 'double' to 'float', possible loss of data
C:\Users\tej36\OneDrive\Documents\GitHub\Ray-tracing-project\Base_ver\Ray_tracer\Ray_tracer.cpp(29,16): warning C4244: 'argument': conversion from 'double' to 'float', possible loss of data
C:\Users\tej36\OneDrive\Documents\GitHub\Ray-tracing-project\Base_ver\Ray_tracer\Ray_tracer.cpp(29,70): warning C4305: 'argument': truncation from 'double' to 'float'
C:\Users\tej36\OneDrive\Documents\GitHub\Ray-tracing-project\Base_ver\Ray_tracer\Ray_tracer.cpp(41,30): warning C4244: 'initializing': conversion from 'double' to 'float', possible loss of data
C:\Users\tej36\OneDrive\Documents\GitHub\Ray-tracing-project\Base_ver\Ray_tracer\Ray_tracer.cpp(42,72): warning C4244: 'argument': conversion from 'double' to 'float', possible loss of data
C:\Users\tej36\OneDrive\Documents\GitHub\Ray-tracing-project\Base_ver\Ray_tracer\Ray_tracer.cpp(42,65): warning C4305: 'argument': truncation from 'double' to 'float'
C:\Users\tej36\OneDrive\Documents\GitHub\Ray-tracing-project\Base_ver\Ray_tracer\Ray_tracer.cpp(42,30): warning C4244: 'argument': conversion from 'double' to 'float', possible loss of data
C:\Users\tej36\OneDrive\Documents\GitHub\Ray-tracing-project\Base_ver\Ray_tracer\Ray_tracer.cpp(43,38): warning C4305: 'argument': truncation from 'double' to 'float'
C:\Users\tej36\OneDrive\Documents\GitHub\Ray-tracing-project\Base_ver\Ray_tracer\Ray_tracer.cpp(45,225): warning C4244: 'argument': conversion from 'double' to 'float', possible loss of data
C:\Users\tej36\OneDrive\Documents\GitHub\Ray-tracing-project\Base_ver\Ray_tracer\Ray_tracer.cpp(45,166): warning C4244: 'argument': conversion from 'double' to 'float', possible loss of data
C:\Users\tej36\OneDrive\Documents\GitHub\Ray-tracing-project\Base_ver\Ray_tracer\Ray_tracer.cpp(45,107): warning C4244: 'argument': conversion from 'double' to 'float', possible loss of data
C:\Users\tej36\OneDrive\Documents\GitHub\Ray-tracing-project\Base_ver\Ray_tracer\Ray_tracer.cpp(45,52): warning C4305: 'argument': truncation from 'double' to 'float'
C:\Users\tej36\OneDrive\Documents\GitHub\Ray-tracing-project\Base_ver\Ray_tracer\Ray_tracer.cpp(48,156): warning C4244: 'argument': conversion from 'double' to 'float', possible loss of data
C:\Users\tej36\OneDrive\Documents\GitHub\Ray-tracing-project\Base_ver\Ray_tracer\Ray_tracer.cpp(48,115): warning C4244: 'argument': conversion from 'double' to 'float', possible loss of data
C:\Users\tej36\OneDrive\Documents\GitHub\Ray-tracing-project\Base_ver\Ray_tracer\Ray_tracer.cpp(48,76): warning C4244: 'argument': conversion from 'double' to 'float', possible loss of data
C:\Users\tej36\OneDrive\Documents\GitHub\Ray-tracing-project\Base_ver\Ray_tracer\Ray_tracer.cpp(48,198): warning C4244: 'argument': conversion from 'double' to 'float', possible loss of data
C:\Users\tej36\OneDrive\Documents\GitHub\Ray-tracing-project\Base_ver\Ray_tracer\Ray_tracer.cpp(48,51): warning C4305: 'argument': truncation from 'double' to 'float'
C:\Users\tej36\OneDrive\Documents\GitHub\Ray-tracing-project\Base_ver\Ray_tracer\Ray_tracer.cpp(52,52): warning C4305: 'argument': truncation from 'double' to 'float'
C:\Users\tej36\OneDrive\Documents\GitHub\Ray-tracing-project\Base_ver\Ray_tracer\Ray_tracer.cpp(58,85): warning C4305: 'argument': truncation from 'double' to 'float'
C:\Users\tej36\OneDrive\Documents\GitHub\Ray-tracing-project\Base_ver\Ray_tracer\Ray_tracer.cpp(58,80): warning C4305: 'argument': truncation from 'double' to 'float'
C:\Users\tej36\OneDrive\Documents\GitHub\Ray-tracing-project\Base_ver\Ray_tracer\Ray_tracer.cpp(58,75): warning C4305: 'argument': truncation from 'double' to 'float'
C:\Users\tej36\OneDrive\Documents\GitHub\Ray-tracing-project\Base_ver\Ray_tracer\Ray_tracer.cpp(59,74): warning C4305: 'argument': truncation from 'double' to 'float'
C:\Users\tej36\OneDrive\Documents\GitHub\Ray-tracing-project\Base_ver\Ray_tracer\Ray_tracer.cpp(59,69): warning C4305: 'argument': truncation from 'double' to 'float'
C:\Users\tej36\OneDrive\Documents\GitHub\Ray-tracing-project\Base_ver\Ray_tracer\Ray_tracer.cpp(75,20): warning C4305: 'initializing': truncation from 'double' to 'float'
C:\Users\tej36\OneDrive\Documents\GitHub\Ray-tracing-project\Base_ver\Ray_tracer\vector3.h(26,1): warning C4172: returning address of local variable or temporary 
  Ray_tracer.vcxproj -> C:\Users\tej36\OneDrive\Documents\GitHub\Ray-tracing-project\Base_ver\Ray_tracer\x64\Debug\Ray_tracer.exe
